main.c:98:5:main	32	static
main.c:230:6:SystemClock_Config	88	static
main.c:270:13:MX_I2C1_Init	8	static
main.c:304:13:MX_USART1_UART_Init	8	static
main.c:337:13:MX_USART2_UART_Init	8	static
main.c:368:13:MX_DMA_Init	16	static
main.c:393:13:MX_GPIO_Init	48	static
main.c:445:6:Write_RTC	24	static
main.c:454:6:Read_RTC	24	static
main.c:463:6:Enable_Alarm_IT	16	static
main.c:480:6:Clear_Alarm_IT	16	static
main.c:504:6:HAL_GPIO_EXTI_Callback	16	static
main.c:521:6:HAL_UART_RxCpltCallback	16	static
main.c:537:6:Error_Handler	4	static,ignoring_inline_asm
