main.c:99:5:main	32	static
main.c:233:6:SystemClock_Config	88	static
main.c:273:13:MX_I2C1_Init	8	static
main.c:307:13:MX_USART1_UART_Init	8	static
main.c:340:13:MX_USART2_UART_Init	8	static
main.c:371:13:MX_DMA_Init	16	static
main.c:396:13:MX_GPIO_Init	48	static
main.c:448:6:Write_RTC	24	static
main.c:457:6:Read_RTC	24	static
main.c:466:6:Enable_Alarm_IT	16	static
main.c:483:6:Clear_Alarm_IT	16	static
main.c:507:6:Display_Time	16	static
main.c:524:6:HAL_GPIO_EXTI_Callback	16	static
main.c:541:6:HAL_UART_RxCpltCallback	16	static
main.c:560:6:Error_Handler	4	static,ignoring_inline_asm
