RTC_interface.c:42:6:RTC_INIT_TIME	4	static
RTC_interface.c:69:6:RTC_Write	24	static
RTC_interface.c:78:6:RTC_Read	24	static
RTC_interface.c:87:6:RTC_Enable_Alarm_IT	16	static
RTC_interface.c:108:6:RTC_Clear_Alarm_IT	16	static
RTC_interface.c:137:6:RTC_Display_Time	16	static
RTC_interface.c:160:6:RTC_Set_Seconds	16	static
RTC_interface.c:166:6:RTC_Set_Minutes	16	static
RTC_interface.c:172:6:RTC_Set_Hours	16	static
RTC_interface.c:178:6:RTC_Set_Time	16	static
RTC_interface.c:189:6:RTC_Day_Date	16	static
RTC_interface.c:198:6:RTC_Set_Alarm	24	static
RTC_interface.c:231:6:RTC_Alarm_triggered	16	static
RTC_interface.c:250:6:RTC_is_Alarm_triggered	8	static
RTC_interface.c:267:6:RTC_User_Set_Time	24	static
RTC_interface.c:312:6:HAL_GPIO_EXTI_Callback	16	static
RTC_interface.c:329:6:HAL_UART_RxCpltCallback	16	static
